Microchip MPLAB XC8 Compiler V3.10

Linker command line:

-W-3 \
  --edf=C:\Program Files\Microchip\xc8\v3.10\pic\dat\20250813170317_en.msgs \
  -cn -h+dist/default/production\template.X.production.sym \
  --cmf=dist/default/production\template.X.production.cmf -z -Q16F18346 \
  -oC:\Users\81707\AppData\Local\Temp\xcAs5uo.0\driver_tmp_3.o \
  --defsym=__MPLAB_BUILD=1 --fixupoverflow=error \
  -Mdist/default/production/template.X.production.map \
  --md=C:\Users\81707\AppData\Local\Temp\xcAs5uo.0\driver_tmp_0.dat -E1 \
  -ver=XC8 Compiler -ACODE=00h-07FFhx8 -ASTRCODE=00h-03FFFh \
  -ASTRING=00h-0FFhx64 -ACONST=00h-0FFhx64 -AENTRY=00h-0FFhx64 \
  -ACOMMON=070h-07Fh -ABANK0=020h-06Fh -ABANK1=0A0h-0EFh \
  -ABANK2=0120h-016Fh -ABANK3=01A0h-01EFh -ABANK4=0220h-026Fh \
  -ABANK5=02A0h-02EFh -ABANK6=0320h-036Fh -ABANK7=03A0h-03EFh \
  -ABANK8=0420h-046Fh -ABANK9=04A0h-04EFh -ABANK10=0520h-056Fh \
  -ABANK11=05A0h-05EFh -ABANK12=0620h-066Fh -ABANK13=06A0h-06EFh \
  -ABANK14=0720h-076Fh -ABANK15=07A0h-07EFh -ABANK16=0820h-086Fh \
  -ABANK17=08A0h-08EFh -ABANK18=0920h-096Fh -ABANK19=09A0h-09EFh \
  -ABANK20=0A20h-0A6Fh -ABANK21=0AA0h-0AEFh -ABANK22=0B20h-0B6Fh \
  -ABANK23=0BA0h-0BEFh -ABANK24=0C20h-0C6Fh -ABANK25=0CA0h-0CBFh \
  -ABIGRAM=02000h-027EFh \
  -ARAM=020h-06Fh,0A0h-0EFh,0120h-016Fh,01A0h-01EFh,0220h-026Fh,02A0h-02EFh,0320h-036Fh,03A0h-03EFh,0420h-046Fh,04A0h-04EFh,0520h-056Fh,05A0h-05EFh,0620h-066Fh,06A0h-06EFh,0720h-076Fh,07A0h-07EFh,0820h-086Fh,08A0h-08EFh,0920h-096Fh,09A0h-09EFh,0A20h-0A6Fh,0AA0h-0AEFh,0B20h-0B6Fh,0BA0h-0BEFh,0C20h-0C6Fh,0CA0h-0CBFh \
  -AABS1=020h-07Fh,0A0h-0EFh,0120h-016Fh,01A0h-01EFh,0220h-026Fh,02A0h-02EFh,0320h-036Fh,03A0h-03EFh,0420h-046Fh,04A0h-04EFh,0520h-056Fh,05A0h-05EFh,0620h-066Fh,06A0h-06EFh,0720h-076Fh,07A0h-07EFh,0820h-086Fh,08A0h-08EFh,0920h-096Fh,09A0h-09EFh,0A20h-0A6Fh,0AA0h-0AEFh,0B20h-0B6Fh,0BA0h-0BEFh,0C20h-0C6Fh,0CA0h-0CBFh \
  -ASFR0=00h-01Fh -ASFR1=080h-09Fh -ASFR2=0100h-011Fh -ASFR3=0180h-019Fh \
  -ASFR4=0200h-021Fh -ASFR5=0280h-029Fh -ASFR6=0300h-031Fh \
  -ASFR7=0380h-039Fh -ASFR8=0400h-041Fh -ASFR9=0480h-049Fh \
  -ASFR10=0500h-051Fh -ASFR11=0580h-059Fh -ASFR12=0600h-061Fh \
  -ASFR13=0680h-069Fh -ASFR14=0700h-071Fh -ASFR15=0780h-079Fh \
  -ASFR16=0800h-081Fh -ASFR17=0880h-089Fh -ASFR18=0900h-091Fh \
  -ASFR19=0980h-099Fh -ASFR20=0A00h-0A1Fh -ASFR21=0A80h-0A9Fh \
  -ASFR22=0B00h-0B1Fh -ASFR23=0B80h-0B9Fh -ASFR24=0C00h-0C1Fh \
  -ASFR25=0C80h-0C9Fh -ASFR26=0D00h-0D6Fh -ASFR27=0D80h-0DEFh \
  -ASFR28=0E00h-0E6Fh -ASFR29=0E80h-0EEFh -ASFR30=0F00h-0F6Fh \
  -ASFR31=0F80h-0FEFh -ACONFIG=08007h-0800Ah -DCONFIG=2 \
  -AIDLOC=08000h-08003h -DIDLOC=2 -AEEDATA=00h-0FFh/0F000h \
  -peeprom_data=EEDATA -DEEDATA=2 -DCODE=2 -DSTRCODE=2 -DSTRING=2 -DCONST=2 \
  -DENTRY=2 -preset_vec=00h,intentry=04h,sivt,init,end_init -ppowerup=CODE \
  -pcinit=CODE -pfunctab=ENTRY -k \
  C:\Users\81707\AppData\Local\Temp\xcAs5uo.0\driver_tmp_20.o \
  dist/default/production\template.X.production.o 

Object code version is 3.11

Machine type is 16F18346



                Name                               Link     Load   Length Selector   Space Scale
C:\Users\81707\AppData\Local\Temp\xcAs5uo.0\driver_tmp_20.o
                end_init                             16       16        2        8       0
                reset_vec                             0        0        2        0       0
                config                             8007     8007        4        0       4
dist/default/production\template.X.production.o
                cinit                                18       18       24        8       0
                intentry                              4        4       12        8       0
                config                             8007     8007        4        0       4
                text36                              E0F      E0F       46     1C1E       0
                text34                              518      518       C5        8       0
                text33                              F49      F49       5B     1E92       0
                text32                              E9E      E9E       51     1D3C       0
                text31                              CC1      CC1       11     1982       0
                text30                              C91      C91       10     1922       0
                text29                              FA4      FA4       5C     1F48       0
                text28                              1FD      1FD      15C        8       0
                text27                              D80      D80       1E     1B00       0
                text26                              CA1      CA1       10     1942       0
                text25                               3C       3C      1C1        8       0
                text24                              671      671       93        8       0
                text23                              D48      D48       1B     1A90       0
                text22                              C77      C77        B     18EE       0
                text21                              C82      C82        F     1904       0
                text20                              CB1      CB1       10     1962       0
                text19                              CD2      CD2       12     19A4       0
                text18                              5DD      5DD       94        8       0
                text17                              C56      C56        6     18AC       0
                text16                              C5C      C5C        6     18B8       0
                text15                              C62      C62        6     18C4       0
                text14                              359      359       E3        8       0
                text13                              EEF      EEF       5A     1DDE       0
                text12                              CE4      CE4       19     19C8       0
                text11                              CFD      CFD       19     19FA       0
                text10                              D16      D16       19     1A2C       0
                text9                               D2F      D2F       19     1A5E       0
                text8                               DCF      DCF       40     1B9E       0
                text7                               D63      D63       1D     1AC6       0
                text6                               704      704       6D        8       0
                text5                               43C      43C       DC        8       0
                text4                               D9E      D9E       31     1B3C       0
                text3                               E55      E55       49     1CAA       0
                text2                               7D1      7D1       2E        8       0
                text1                               771      771       60        8       0
                maintext                            C6E      C6E        9     18DC       0
                cstackBANK0                          20       20       33       20       1
                cstackCOMMON                         70       70        D       70       1
                clrtext                             C68      C68        6     18D0       0
                bssBANK3                            1A0      1A0       2A      1A0       1
                bssBANK2                            120      120       28      120       1
                bssBANK1                             A0       A0       49       A0       1
                bssBANK0                             53       53       12       20       1
                stringtext11                       111C     111C        8     2000       0
                stringtext10                       110E     110E        E     2000       0
                stringtext9                        10FF     10FF        F     2000       0
                stringtext8                        10EF     10EF       10     2000       0
                stringtext7                        10DF     10DF       10     2000       0
                stringtext6                        10CB     10CB       14     2000       0
                stringtext5                        10B4     10B4       17     2000       0
                stringtext4                        1095     1095       1F     2000       0
                stringtext3                        1066     1066       2F     2000       0
                stringtext2                        1037     1037       2F     2000       0
                stringtext1                        1000     1000       37     2000       0

TOTAL           Name                               Link     Load   Length     Space
        CLASS   CODE           
                end_init                             16       16        2         0
                cinit                                18       18       24         0
                intentry                              4        4       12         0
                reset_vec                             0        0        2         0
                text36                              E0F      E0F       46         0
                text34                              518      518       C5         0
                text33                              F49      F49       5B         0
                text32                              E9E      E9E       51         0
                text31                              CC1      CC1       11         0
                text30                              C91      C91       10         0
                text29                              FA4      FA4       5C         0
                text28                              1FD      1FD      15C         0
                text27                              D80      D80       1E         0
                text26                              CA1      CA1       10         0
                text25                               3C       3C      1C1         0
                text24                              671      671       93         0
                text23                              D48      D48       1B         0
                text22                              C77      C77        B         0
                text21                              C82      C82        F         0
                text20                              CB1      CB1       10         0
                text19                              CD2      CD2       12         0
                text18                              5DD      5DD       94         0
                text17                              C56      C56        6         0
                text16                              C5C      C5C        6         0
                text15                              C62      C62        6         0
                text14                              359      359       E3         0
                text13                              EEF      EEF       5A         0
                text12                              CE4      CE4       19         0
                text11                              CFD      CFD       19         0
                text10                              D16      D16       19         0
                text9                               D2F      D2F       19         0
                text8                               DCF      DCF       40         0
                text7                               D63      D63       1D         0
                text6                               704      704       6D         0
                text5                               43C      43C       DC         0
                text4                               D9E      D9E       31         0
                text3                               E55      E55       49         0
                text2                               7D1      7D1       2E         0
                text1                               771      771       60         0
                maintext                            C6E      C6E        9         0
                clrtext                             C68      C68        6         0

        CLASS   STRCODE        
                stringtext11                       111C     111C        8         0
                stringtext10                       110E     110E        E         0
                stringtext9                        10FF     10FF        F         0
                stringtext8                        10EF     10EF       10         0
                stringtext7                        10DF     10DF       10         0
                stringtext6                        10CB     10CB       14         0
                stringtext5                        10B4     10B4       17         0
                stringtext4                        1095     1095       1F         0
                stringtext3                        1066     1066       2F         0
                stringtext2                        1037     1037       2F         0
                stringtext1                        1000     1000       37         0

        CLASS   STRING         

        CLASS   CONST          

        CLASS   ENTRY          

        CLASS   COMMON         
                cstackCOMMON                         70       70        D         1

        CLASS   BANK0          
                cstackBANK0                          20       20       33         1
                bssBANK0                             53       53       12         1

        CLASS   BANK1          
                bssBANK1                             A0       A0       49         1

        CLASS   BANK2          
                bssBANK2                            120      120       28         1

        CLASS   BANK3          
                bssBANK3                            1A0      1A0       2A         1

        CLASS   BANK4          

        CLASS   BANK5          

        CLASS   BANK6          

        CLASS   BANK7          

        CLASS   BANK8          

        CLASS   BANK9          

        CLASS   BANK10         

        CLASS   BANK11         

        CLASS   BANK12         

        CLASS   BANK13         

        CLASS   BANK14         

        CLASS   BANK15         

        CLASS   BANK16         

        CLASS   BANK17         

        CLASS   BANK18         

        CLASS   BANK19         

        CLASS   BANK20         

        CLASS   BANK21         

        CLASS   BANK22         

        CLASS   BANK23         

        CLASS   BANK24         

        CLASS   BANK25         

        CLASS   BIGRAM         

        CLASS   RAM            

        CLASS   ABS1           
                abs_s1                               7E       7E        2         1

        CLASS   SFR0           

        CLASS   SFR1           

        CLASS   SFR2           

        CLASS   SFR3           

        CLASS   SFR4           

        CLASS   SFR5           

        CLASS   SFR6           

        CLASS   SFR7           

        CLASS   SFR8           

        CLASS   SFR9           

        CLASS   SFR10          

        CLASS   SFR11          

        CLASS   SFR12          

        CLASS   SFR13          

        CLASS   SFR14          

        CLASS   SFR15          

        CLASS   SFR16          

        CLASS   SFR17          

        CLASS   SFR18          

        CLASS   SFR19          

        CLASS   SFR20          

        CLASS   SFR21          

        CLASS   SFR22          

        CLASS   SFR23          

        CLASS   SFR24          

        CLASS   SFR25          

        CLASS   SFR26          

        CLASS   SFR27          

        CLASS   SFR28          

        CLASS   SFR29          

        CLASS   SFR30          

        CLASS   SFR31          

        CLASS   CONFIG         
                config                             8007     8007        4         4

        CLASS   IDLOC          

        CLASS   EEDATA         

        CLASS   BANK31         

        CLASS   BANK30         

        CLASS   BANK29         

        CLASS   BANK28         

        CLASS   BANK27         

        CLASS   BANK26         

        CLASS   HEAP           

        CLASS   STACK          



SEGMENTS        Name                           Load    Length   Top    Selector   Space  Class     Delta

                reset_vec                      000000  000002  000002         0       0  CODE        2
                intentry                       000004  0007FB  0007FF         8       0  CODE        2
                cstackBANK0                    000020  000045  000065        20       1  BANK0       1
                cstackCOMMON                   000070  00000D  00007D        70       1  COMMON      1
                bssBANK1                       0000A0  000049  0000E9        A0       1  BANK1       1
                bssBANK2                       000120  000028  000148       120       1  BANK2       1
                bssBANK3                       0001A0  00002A  0001CA       1A0       1  BANK3       1
                text17                         000C56  000006  000C5C      18AC       0  CODE        2
                text16                         000C5C  000006  000C62      18B8       0  CODE        2
                text15                         000C62  000006  000C68      18C4       0  CODE        2
                clrtext                        000C68  000006  000C6E      18D0       0  CODE        2
                maintext                       000C6E  000009  000C77      18DC       0  CODE        2
                text22                         000C77  00000B  000C82      18EE       0  CODE        2
                text21                         000C82  00000F  000C91      1904       0  CODE        2
                text30                         000C91  000010  000CA1      1922       0  CODE        2
                text26                         000CA1  000010  000CB1      1942       0  CODE        2
                text20                         000CB1  000010  000CC1      1962       0  CODE        2
                text31                         000CC1  000011  000CD2      1982       0  CODE        2
                text19                         000CD2  000012  000CE4      19A4       0  CODE        2
                text12                         000CE4  000019  000CFD      19C8       0  CODE        2
                text11                         000CFD  000019  000D16      19FA       0  CODE        2
                text10                         000D16  000019  000D2F      1A2C       0  CODE        2
                text9                          000D2F  000019  000D48      1A5E       0  CODE        2
                text23                         000D48  00001B  000D63      1A90       0  CODE        2
                text7                          000D63  00001D  000D80      1AC6       0  CODE        2
                text27                         000D80  00001E  000D9E      1B00       0  CODE        2
                text4                          000D9E  000031  000DCF      1B3C       0  CODE        2
                text8                          000DCF  000040  000E0F      1B9E       0  CODE        2
                text36                         000E0F  000046  000E55      1C1E       0  CODE        2
                text3                          000E55  000049  000E9E      1CAA       0  CODE        2
                text32                         000E9E  000051  000EEF      1D3C       0  CODE        2
                text13                         000EEF  00005A  000F49      1DDE       0  CODE        2
                text33                         000F49  00005B  000FA4      1E92       0  CODE        2
                text29                         000FA4  00005C  001000      1F48       0  CODE        2
                stringtext1                    001000  000124  001124      2000       0  STRCODE     2


UNUSED ADDRESS RANGES

        Name                Unused          Largest block    Delta
        BANK0            00065-0006F               B           1
        BANK1            000E9-000EF               7           1
        BANK10           00520-0056F              50           1
        BANK11           005A0-005EF              50           1
        BANK12           00620-0066F              50           1
        BANK13           006A0-006EF              50           1
        BANK14           00720-0076F              50           1
        BANK15           007A0-007EF              50           1
        BANK16           00820-0086F              50           1
        BANK17           008A0-008EF              50           1
        BANK18           00920-0096F              50           1
        BANK19           009A0-009EF              50           1
        BANK2            00148-0016F              28           1
        BANK20           00A20-00A6F              50           1
        BANK21           00AA0-00AEF              50           1
        BANK22           00B20-00B6F              50           1
        BANK23           00BA0-00BEF              50           1
        BANK24           00C20-00C6F              50           1
        BANK25           00CA0-00CBF              20           1
        BANK3            001CA-001EF              26           1
        BANK4            00220-0026F              50           1
        BANK5            002A0-002EF              50           1
        BANK6            00320-0036F              50           1
        BANK7            003A0-003EF              50           1
        BANK8            00420-0046F              50           1
        BANK9            004A0-004EF              50           1
        BIGRAM           02000-027EF             7F0           1
        CODE             00002-00003               2           2
                         007FF-00C55               1
                         01124-03FFF             800
        COMMON           0007D-0007D               1           1
        CONST            00002-00003               2           2
                         007FF-00C55             100
                         01124-03FFF             100
        EEDATA           0F000-0F0FF             100           2
        ENTRY            00002-00003               2           2
                         007FF-00C55             100
                         01124-03FFF             100
        IDLOC            08000-08003               4           2
        RAM              00065-0006F               B           1
                         000E9-000EF               7
                         00148-0016F              28
                         001CA-001EF              26
                         00220-0026F              50
                         002A0-002EF              50
                         00320-0036F              50
                         003A0-003EF              50
                         00420-0046F              50
                         004A0-004EF              50
                         00520-0056F              50
                         005A0-005EF              50
                         00620-0066F              50
                         006A0-006EF              50
                         00720-0076F              50
                         007A0-007EF              50
                         00820-0086F              50
                         008A0-008EF              50
                         00920-0096F              50
                         009A0-009EF              50
                         00A20-00A6F              50
                         00AA0-00AEF              50
                         00B20-00B6F              50
                         00BA0-00BEF              50
                         00C20-00C6F              50
                         00CA0-00CBF              20
        SFR0             00000-0001F              20           1
        SFR1             00080-0009F              20           1
        SFR10            00500-0051F              20           1
        SFR11            00580-0059F              20           1
        SFR12            00600-0061F              20           1
        SFR13            00680-0069F              20           1
        SFR14            00700-0071F              20           1
        SFR15            00780-0079F              20           1
        SFR16            00800-0081F              20           1
        SFR17            00880-0089F              20           1
        SFR18            00900-0091F              20           1
        SFR19            00980-0099F              20           1
        SFR2             00100-0011F              20           1
        SFR20            00A00-00A1F              20           1
        SFR21            00A80-00A9F              20           1
        SFR22            00B00-00B1F              20           1
        SFR23            00B80-00B9F              20           1
        SFR24            00C00-00C1F              20           1
        SFR25            00C80-00C9F              20           1
        SFR26            00D00-00D6F              70           1
        SFR27            00D80-00DEF              70           1
        SFR28            00E00-00E6F              70           1
        SFR29            00E80-00EEF              70           1
        SFR3             00180-0019F              20           1
        SFR30            00F00-00F6F              70           1
        SFR31            00F80-00FEF              70           1
        SFR4             00200-0021F              20           1
        SFR5             00280-0029F              20           1
        SFR6             00300-0031F              20           1
        SFR7             00380-0039F              20           1
        SFR8             00400-0041F              20           1
        SFR9             00480-0049F              20           1
        STRCODE          00002-00003               2           2
                         007FF-00C55             457
                         01124-03FFF            2EDC
        STRING           00002-00003               2           2
                         007FF-00C55             100
                         01124-03FFF             100

                                  Symbol Table

?___awdiv                cstackCOMMON 00071
?___awmod                cstackCOMMON 00071
?_abs                    cstackCOMMON 00077
?_printf                 cstackBANK0  00038
?_set_timer              cstackCOMMON 00071
?_vfprintf               cstackBANK0  00031
_ADCON0bits              (abs)        0009D
_ADCON1bits              (abs)        0009E
_ADRES                   (abs)        0009B
_ANSELA                  (abs)        0018C
_ANSELB                  (abs)        0018D
_ANSELC                  (abs)        0018E
_BAUD1CON                (abs)        0019F
_BAUD1CONbits            (abs)        0019F
_CCP1CONbits             (abs)        00293
_CCP2CONbits             (abs)        00297
_CCP3CONbits             (abs)        00313
_CCP4CONbits             (abs)        00317
_CCPR1                   (abs)        00291
_CCPR2                   (abs)        00295
_CCPR3                   (abs)        00311
_CCPR4                   (abs)        00315
_CCPTMRSbits             (abs)        0029F
_INTCONbits              (abs)        0000B
_OSCCON1bits             (abs)        00919
_OSCFRQbits              (abs)        0091F
_PIE1bits                (abs)        00091
_PIR1bits                (abs)        00011
_PORTA                   (abs)        0000C
_PORTB                   (abs)        0000D
_PORTC                   (abs)        0000E
_PR2                     (abs)        0001E
_PR4                     (abs)        00416
_PR6                     (abs)        0041D
_RA2PPS                  (abs)        00E92
_RA4PPS                  (abs)        00E94
_RA5PPS                  (abs)        00E95
_RB4                     (abs)        0006C
_RB4PPS                  (abs)        00E9C
_RB5                     (abs)        0006D
_RB5PPS                  (abs)        00E9D
_RB6                     (abs)        0006E
_RB6PPS                  (abs)        00E9E
_RB7                     (abs)        0006F
_RB7PPS                  (abs)        00E9F
_RC0                     (abs)        00070
_RC0PPS                  (abs)        00EA0
_RC1                     (abs)        00071
_RC1PPS                  (abs)        00EA1
_RC1REG                  (abs)        00199
_RC1STA                  (abs)        0019D
_RC1STAbits              (abs)        0019D
_RC2                     (abs)        00072
_RC2PPS                  (abs)        00EA2
_RC3                     (abs)        00073
_RC3PPS                  (abs)        00EA3
_RC4                     (abs)        00074
_RC4PPS                  (abs)        00EA4
_RC5PPS                  (abs)        00EA5
_RC6                     (abs)        00076
_RC6PPS                  (abs)        00EA6
_RC7PPS                  (abs)        00EA7
_RXPPS                   (abs)        00E24
_SP1BRG                  (abs)        0019B
_T1CONbits               (abs)        0001B
_T2CONbits               (abs)        0001F
_T4CONbits               (abs)        00417
_T6CONbits               (abs)        0041E
_TMR1                    (abs)        00019
_TMR2                    (abs)        0001D
_TMR4                    (abs)        00415
_TMR6                    (abs)        0041C
_TRISA                   (abs)        0008C
_TRISB                   (abs)        0008D
_TRISC                   (abs)        0008E
_TX1REG                  (abs)        0019A
_TX1STA                  (abs)        0019E
_TX1STAbits              (abs)        0019E
_WPUA                    (abs)        0020C
_WPUB                    (abs)        0020D
_WPUC                    (abs)        0020E
__H__absolute__          __absolute__ 00000
__Habs1                  abs1         00000
__Hbank0                 bank0        00000
__Hbank1                 bank1        00000
__Hbank10                bank10       00000
__Hbank11                bank11       00000
__Hbank12                bank12       00000
__Hbank13                bank13       00000
__Hbank14                bank14       00000
__Hbank15                bank15       00000
__Hbank16                bank16       00000
__Hbank17                bank17       00000
__Hbank18                bank18       00000
__Hbank19                bank19       00000
__Hbank2                 bank2        00000
__Hbank20                bank20       00000
__Hbank21                bank21       00000
__Hbank22                bank22       00000
__Hbank23                bank23       00000
__Hbank24                bank24       00000
__Hbank25                bank25       00000
__Hbank26                bank26       00000
__Hbank27                bank27       00000
__Hbank28                bank28       00000
__Hbank29                bank29       00000
__Hbank3                 bank3        00000
__Hbank30                bank30       00000
__Hbank31                bank31       00000
__Hbank4                 bank4        00000
__Hbank5                 bank5        00000
__Hbank6                 bank6        00000
__Hbank7                 bank7        00000
__Hbank8                 bank8        00000
__Hbank9                 bank9        00000
__Hbigram                bigram       00000
__HbssBANK0              bssBANK0     00000
__HbssBANK1              bssBANK1     00000
__HbssBANK2              bssBANK2     00000
__HbssBANK3              bssBANK3     00000
__Hcinit                 cinit        0003C
__Hclrtext               clrtext      00000
__Hcode                  code         00000
__Hcommon                common       00000
__Hconfig                config       0800B
__HcstackBANK0           cstackBANK0  00000
__HcstackCOMMON          cstackCOMMON 00000
__Heeprom_data           eeprom_data  00000
__Hend_init              end_init     00018
__Hfunctab               functab      00000
__Hheap                  heap         00000
__Hinit                  init         00016
__Hintentry              intentry     00016
__Hmaintext              maintext     00000
__Hpowerup               powerup      00000
__Hram                   ram          00000
__Hreset_vec             reset_vec    00002
__Hsfr0                  sfr0         00000
__Hsfr1                  sfr1         00000
__Hsfr10                 sfr10        00000
__Hsfr11                 sfr11        00000
__Hsfr12                 sfr12        00000
__Hsfr13                 sfr13        00000
__Hsfr14                 sfr14        00000
__Hsfr15                 sfr15        00000
__Hsfr16                 sfr16        00000
__Hsfr17                 sfr17        00000
__Hsfr18                 sfr18        00000
__Hsfr19                 sfr19        00000
__Hsfr2                  sfr2         00000
__Hsfr20                 sfr20        00000
__Hsfr21                 sfr21        00000
__Hsfr22                 sfr22        00000
__Hsfr23                 sfr23        00000
__Hsfr24                 sfr24        00000
__Hsfr25                 sfr25        00000
__Hsfr26                 sfr26        00000
__Hsfr27                 sfr27        00000
__Hsfr28                 sfr28        00000
__Hsfr29                 sfr29        00000
__Hsfr3                  sfr3         00000
__Hsfr30                 sfr30        00000
__Hsfr31                 sfr31        00000
__Hsfr4                  sfr4         00000
__Hsfr5                  sfr5         00000
__Hsfr6                  sfr6         00000
__Hsfr7                  sfr7         00000
__Hsfr8                  sfr8         00000
__Hsfr9                  sfr9         00000
__Hsivt                  sivt         00016
__Hspace_0               (abs)        01124
__Hspace_1               (abs)        001CA
__Hspace_2               (abs)        00000
__Hspace_3               (abs)        00000
__Hspace_4               (abs)        10012
__Hstack                 stack        00000
__Hstrings               strings      00000
__Hstringtext1           stringtext1  00000
__Hstringtext10          stringtext10 00000
__Hstringtext11          stringtext11 00000
__Hstringtext12          stringtext12 00000
__Hstringtext2           stringtext2  00000
__Hstringtext3           stringtext3  00000
__Hstringtext4           stringtext4  00000
__Hstringtext5           stringtext5  00000
__Hstringtext6           stringtext6  00000
__Hstringtext7           stringtext7  00000
__Hstringtext8           stringtext8  00000
__Hstringtext9           stringtext9  00000
__Htext                  text         00000
__L__absolute__          __absolute__ 00000
__Labs1                  abs1         00000
__Lbank0                 bank0        00000
__Lbank1                 bank1        00000
__Lbank10                bank10       00000
__Lbank11                bank11       00000
__Lbank12                bank12       00000
__Lbank13                bank13       00000
__Lbank14                bank14       00000
__Lbank15                bank15       00000
__Lbank16                bank16       00000
__Lbank17                bank17       00000
__Lbank18                bank18       00000
__Lbank19                bank19       00000
__Lbank2                 bank2        00000
__Lbank20                bank20       00000
__Lbank21                bank21       00000
__Lbank22                bank22       00000
__Lbank23                bank23       00000
__Lbank24                bank24       00000
__Lbank25                bank25       00000
__Lbank26                bank26       00000
__Lbank27                bank27       00000
__Lbank28                bank28       00000
__Lbank29                bank29       00000
__Lbank3                 bank3        00000
__Lbank30                bank30       00000
__Lbank31                bank31       00000
__Lbank4                 bank4        00000
__Lbank5                 bank5        00000
__Lbank6                 bank6        00000
__Lbank7                 bank7        00000
__Lbank8                 bank8        00000
__Lbank9                 bank9        00000
__Lbigram                bigram       00000
__LbssBANK0              bssBANK0     00000
__LbssBANK1              bssBANK1     00000
__LbssBANK2              bssBANK2     00000
__LbssBANK3              bssBANK3     00000
__Lcinit                 cinit        00018
__Lclrtext               clrtext      00000
__Lcode                  code         00000
__Lcommon                common       00000
__Lconfig                config       00000
__LcstackBANK0           cstackBANK0  00000
__LcstackCOMMON          cstackCOMMON 00000
__Leeprom_data           eeprom_data  00000
__Lend_init              end_init     00016
__Lfunctab               functab      00000
__Lheap                  heap         00000
__Linit                  init         00016
__Lintentry              intentry     00004
__Lmaintext              maintext     00000
__Lpowerup               powerup      00000
__Lram                   ram          00000
__Lreset_vec             reset_vec    00000
__Lsfr0                  sfr0         00000
__Lsfr1                  sfr1         00000
__Lsfr10                 sfr10        00000
__Lsfr11                 sfr11        00000
__Lsfr12                 sfr12        00000
__Lsfr13                 sfr13        00000
__Lsfr14                 sfr14        00000
__Lsfr15                 sfr15        00000
__Lsfr16                 sfr16        00000
__Lsfr17                 sfr17        00000
__Lsfr18                 sfr18        00000
__Lsfr19                 sfr19        00000
__Lsfr2                  sfr2         00000
__Lsfr20                 sfr20        00000
__Lsfr21                 sfr21        00000
__Lsfr22                 sfr22        00000
__Lsfr23                 sfr23        00000
__Lsfr24                 sfr24        00000
__Lsfr25                 sfr25        00000
__Lsfr26                 sfr26        00000
__Lsfr27                 sfr27        00000
__Lsfr28                 sfr28        00000
__Lsfr29                 sfr29        00000
__Lsfr3                  sfr3         00000
__Lsfr30                 sfr30        00000
__Lsfr31                 sfr31        00000
__Lsfr4                  sfr4         00000
__Lsfr5                  sfr5         00000
__Lsfr6                  sfr6         00000
__Lsfr7                  sfr7         00000
__Lsfr8                  sfr8         00000
__Lsfr9                  sfr9         00000
__Lsivt                  sivt         00016
__Lspace_0               (abs)        00000
__Lspace_1               (abs)        00000
__Lspace_2               (abs)        00000
__Lspace_3               (abs)        00000
__Lspace_4               (abs)        00000
__Lstack                 stack        00000
__Lstrings               strings      00000
__Lstringtext1           stringtext1  00000
__Lstringtext10          stringtext10 00000
__Lstringtext11          stringtext11 00000
__Lstringtext12          stringtext12 00000
__Lstringtext2           stringtext2  00000
__Lstringtext3           stringtext3  00000
__Lstringtext4           stringtext4  00000
__Lstringtext5           stringtext5  00000
__Lstringtext6           stringtext6  00000
__Lstringtext7           stringtext7  00000
__Lstringtext8           stringtext8  00000
__Lstringtext9           stringtext9  00000
__Ltext                  text         00000
__S0                     (abs)        01124
__S1                     (abs)        001CA
__S3                     (abs)        00000
___awdiv                 text33       00F49
___awdiv@counter         cstackCOMMON 00075
___awdiv@dividend        cstackCOMMON 00073
___awdiv@divisor         cstackCOMMON 00071
___awdiv@quotient        cstackCOMMON 00077
___awdiv@sign            cstackCOMMON 00076
___awmod                 text32       00E9E
___awmod@counter         cstackCOMMON 00075
___awmod@dividend        cstackCOMMON 00073
___awmod@divisor         cstackCOMMON 00071
___awmod@sign            cstackCOMMON 00076
___heap_hi               (abs)        00000
___heap_lo               (abs)        00000
___int_sp                stack        00000
___int_stack_hi          stack        00000
___int_stack_lo          stack        00000
___latbits               (abs)        00003
___sp                    stack        00000
___stack_hi              stack        00000
___stack_lo              stack        00000
___stackhi               (abs)        00000
___stacklo               (abs)        00000
__end_of___awdiv         text33       00FA4
__end_of___awmod         text32       00EEF
__end_of__initialization cinit        00038
__end_of_abs             text31       00CD2
__end_of_adc_isr         text36       00E55
__end_of_fputc           text29       01000
__end_of_get_pinMode     text34       005DD
__end_of_getch           text7        00D80
__end_of_init            text2        007FF
__end_of_init_adc        text25       001FD
__end_of_init_ccp1       text22       00C82
__end_of_init_ccp2       text21       00C91
__end_of_init_ccp3       text20       00CC1
__end_of_init_ccp4       text19       00CE4
__end_of_init_input      text24       00704
__end_of_init_pinMode    text23       00D63
__end_of_init_pwm        text8        00E0F
__end_of_init_pwm_impl   text14       0043C
__end_of_init_uart       text5        00518
__end_of_isr             intentry     00016
__end_of_main            maintext     00C77
__end_of_pinMode         text4        00DCF
__end_of_printf          text26       00CB1
__end_of_putch           text30       00CA1
__end_of_pwm1            text12       00CFD
__end_of_pwm2            text11       00D16
__end_of_pwm3            text10       00D2F
__end_of_pwm4            text9        00D48
__end_of_run             text1        007D1
__end_of_set_inputpps    text6        00771
__end_of_set_outputpps   text18       00671
__end_of_set_timer       text13       00F49
__end_of_setup           text3        00E9E
__end_of_start_timer2    text17       00C5C
__end_of_start_timer4    text16       00C62
__end_of_start_timer6    text15       00C68
__end_of_vfpfcnvrt       text28       00359
__end_of_vfprintf        text27       00D9E
__initialization         cinit        00018
__pbssBANK0              bssBANK0     00053
__pbssBANK1              bssBANK1     000A0
__pbssBANK2              bssBANK2     00120
__pbssBANK3              bssBANK3     001A0
__pcstackBANK0           cstackBANK0  00020
__pcstackCOMMON          cstackCOMMON 00070
__pintentry              intentry     00004
__pmaintext              maintext     00C6E
__pstringtext1           stringtext1  01000
__pstringtext10          stringtext10 0110E
__pstringtext11          stringtext11 0111C
__pstringtext12          stringtext12 00000
__pstringtext2           stringtext2  01037
__pstringtext3           stringtext3  01066
__pstringtext4           stringtext4  01095
__pstringtext5           stringtext5  010B4
__pstringtext6           stringtext6  010CB
__pstringtext7           stringtext7  010DF
__pstringtext8           stringtext8  010EF
__pstringtext9           stringtext9  010FF
__ptext1                 text1        00771
__ptext10                text10       00D16
__ptext11                text11       00CFD
__ptext12                text12       00CE4
__ptext13                text13       00EEF
__ptext14                text14       00359
__ptext15                text15       00C62
__ptext16                text16       00C5C
__ptext17                text17       00C56
__ptext18                text18       005DD
__ptext19                text19       00CD2
__ptext2                 text2        007D1
__ptext20                text20       00CB1
__ptext21                text21       00C82
__ptext22                text22       00C77
__ptext23                text23       00D48
__ptext24                text24       00671
__ptext25                text25       0003C
__ptext26                text26       00CA1
__ptext27                text27       00D80
__ptext28                text28       001FD
__ptext29                text29       00FA4
__ptext3                 text3        00E55
__ptext30                text30       00C91
__ptext31                text31       00CC1
__ptext32                text32       00E9E
__ptext33                text33       00F49
__ptext34                text34       00518
__ptext36                text36       00E0F
__ptext4                 text4        00D9E
__ptext5                 text5        0043C
__ptext6                 text6        00704
__ptext7                 text7        00D63
__ptext8                 text8        00DCF
__ptext9                 text9        00D2F
_abs                     text31       00CC1
_adc_chn                 bssBANK1     000D5
_adc_idx                 bssBANK0     00063
_adc_isr                 text36       00E0F
_adc_maxidx              bssBANK0     00062
_adc_pin                 bssBANK2     00120
_adc_status              bssBANK0     00064
_adc_value               bssBANK3     001A0
_dbuf                    bssBANK1     000A0
_flags                   bssBANK0     0005C
_fputc                   text29       00FA4
_get_pinMode             text34       00518
_getch                   text7        00D63
_init                    text2        007D1
_init_adc                text25       0003C
_init_ccp1               text22       00C77
_init_ccp2               text21       00C82
_init_ccp3               text20       00CB1
_init_ccp4               text19       00CD2
_init_input              text24       00671
_init_pinMode            text23       00D48
_init_pwm                text8        00DCF
_init_pwm_impl           text14       00359
_init_uart               text5        0043C
_isr                     intentry     00004
_main                    maintext     00C6E
_pinMode                 text4        00D9E
_pin_mode                bssBANK1     000C0
_prec                    bssBANK0     0005A
_printf                  text26       00CA1
_putch                   text30       00C91
_pwm1                    text12       00CE4
_pwm2                    text11       00CFD
_pwm3                    text10       00D16
_pwm4                    text9        00D2F
_pwm_status              bssBANK0     00053
_pwm_timer2              bssBANK0     00061
_pwm_timer4              bssBANK0     00060
_pwm_timer6              bssBANK0     0005F
_run                     text1        00771
_rx_status               bssBANK0     0005D
_set_inputpps            text6        00704
_set_outputpps           text18       005DD
_set_timer               text13       00EEF
_setup                   text3        00E55
_start_timer2            text17       00C56
_start_timer4            text16       00C5C
_start_timer6            text15       00C62
_tx_status               bssBANK0     0005E
_vfpfcnvrt               text28       001FD
_vfprintf                text27       00D80
_width                   bssBANK0     00058
abs@a                    cstackCOMMON 00077
btemp                    (abs)        0007E
btemp0                   (abs)        0007E
btemp1                   (abs)        0007F
clear_ram0               clrtext      00C68
end_of_initialization    cinit        00038
fputc@c                  cstackCOMMON 00072
fputc@fp                 cstackCOMMON 00074
get_pinMode@mode         cstackCOMMON 00075
get_pinMode@num          cstackCOMMON 00074
get_pinMode@porta        cstackCOMMON 00071
get_pinMode@portb        cstackCOMMON 00072
get_pinMode@portc        cstackCOMMON 00073
init_adc@i               cstackBANK0  00049
init_adc@num             cstackBANK0  00048
init_adc@porta           cstackBANK0  0004A
init_adc@portb           cstackBANK0  0004B
init_adc@portc           cstackBANK0  0004C
init_ccp1@tsel           cstackCOMMON 00071
init_ccp2@tsel           cstackCOMMON 00072
init_ccp3@tsel           cstackCOMMON 00072
init_ccp4@tsel           cstackCOMMON 00072
init_input@num           cstackBANK0  00048
init_input@porta         cstackBANK0  00049
init_input@portb         cstackBANK0  0004A
init_input@portc         cstackBANK0  0004B
init_pwm@i               cstackBANK0  00052
init_pwm_impl@mode       cstackBANK0  0004E
init_pwm_impl@no         cstackBANK0  0004F
init_pwm_impl@num        cstackBANK0  0004A
init_pwm_impl@porta      cstackBANK0  0004C
init_pwm_impl@portb      cstackBANK0  0004D
init_pwm_impl@portc      cstackBANK0  00050
init_pwm_impl@timer      cstackBANK0  00051
init_pwm_impl@tsel       cstackBANK0  0004B
init_uart@num            cstackBANK0  00048
init_uart@rx_porta       cstackBANK0  0004A
init_uart@rx_portb       cstackBANK0  0004C
init_uart@rx_portc       cstackBANK0  0004E
init_uart@tx_porta       cstackBANK0  00049
init_uart@tx_portb       cstackBANK0  0004B
init_uart@tx_portc       cstackBANK0  0004D
int$flags                (abs)        0007E
intlevel0                functab      00000
intlevel1                functab      00000
intlevel2                functab      00000
intlevel3                functab      00000
intlevel4                functab      00000
intlevel5                functab      00000
ltemp0a                  (abs)        00080
pinMode@mode             cstackCOMMON 00071
pinMode@pinno            cstackCOMMON 00072
printf@ap                cstackCOMMON 0007C
printf@fmt               cstackBANK0  00038
putch@data               cstackCOMMON 00071
pwm1@period              cstackBANK0  00020
pwm1@width               cstackBANK0  00022
pwm2@period              cstackBANK0  00020
pwm2@width               cstackBANK0  00022
pwm3@period              cstackBANK0  00020
pwm3@width               cstackBANK0  00022
pwm4@period              cstackBANK0  00020
pwm4@width               cstackBANK0  00022
reset_vec                reset_vec    00000
set_inputpps@mode        cstackCOMMON 00074
set_inputpps@porta       cstackCOMMON 00071
set_inputpps@portb       cstackCOMMON 00072
set_inputpps@portc       cstackCOMMON 00073
set_inputpps@sbits       cstackCOMMON 00075
set_outputpps@mode       cstackCOMMON 00074
set_outputpps@porta      cstackCOMMON 00071
set_outputpps@portb      cstackCOMMON 00072
set_outputpps@portc      cstackCOMMON 00073
set_outputpps@sbits      cstackCOMMON 00075
set_timer@no             cstackCOMMON 00077
set_timer@period         cstackCOMMON 00071
set_timer@period2        cstackCOMMON 00078
set_timer@pr             cstackCOMMON 0007A
set_timer@width          cstackCOMMON 00073
start                    init         00016
start_initialization     cinit        00018
ttemp0a                  (abs)        0007F
vfpfcnvrt@ap             cstackBANK0  00023
vfpfcnvrt@c              cstackBANK0  00030
vfpfcnvrt@convarg        cstackBANK0  0002C
vfpfcnvrt@cp             cstackBANK0  0002A
vfpfcnvrt@done           cstackBANK0  00028
vfpfcnvrt@fmt            cstackBANK0  00022
vfpfcnvrt@fp             cstackBANK0  00020
vfpfcnvrt@x              cstackBANK0  00029
vfprintf@ap              cstackBANK0  00035
vfprintf@cfmt            cstackBANK0  00036
vfprintf@fmt             cstackBANK0  00033
vfprintf@fp              cstackBANK0  00031
wtemp0                   (abs)        0007E
wtemp0a                  (abs)        0007F


MODULE INFORMATION

Module		Function		Class		Link	Load	Size
C:\Program Files\Microchip\xc8\v3.10\pic\sources\c99\common\awmod.c
		___awmod       		CODE           	0E9E	0000	81

C:\Program Files\Microchip\xc8\v3.10\pic\sources\c99\common\awmod.c estimated size: 81

pps.c
		_set_inputpps  		CODE           	0704	0000	109
		_set_outputpps 		CODE           	05DD	0000	148

pps.c estimated size: 257

uart.c
		_putch         		CODE           	0C91	0000	16
		_init_uart     		CODE           	043C	0000	220
		_getch         		CODE           	0D63	0000	29

uart.c estimated size: 265

input.c
		_init_input    		CODE           	0671	0000	147

input.c estimated size: 147

C:\Program Files\Microchip\xc8\v3.10\pic\sources\c99\common\abs.c
		_abs           		CODE           	0CC1	0000	17

C:\Program Files\Microchip\xc8\v3.10\pic\sources\c99\common\abs.c estimated size: 17

C:\Program Files\Microchip\xc8\v3.10\pic\sources\c99\common\printf.c
		_printf        		CODE           	0CA1	0000	16

C:\Program Files\Microchip\xc8\v3.10\pic\sources\c99\common\printf.c estimated size: 16

pwm.c
		_start_timer2  		CODE           	0C56	0000	6
		_start_timer4  		CODE           	0C5C	0000	6
		_start_timer6  		CODE           	0C62	0000	6
		_init_ccp1     		CODE           	0C77	0000	11
		_init_ccp2     		CODE           	0C82	0000	15
		_init_ccp3     		CODE           	0CB1	0000	16
		_init_ccp4     		CODE           	0CD2	0000	18
		_set_timer     		CODE           	0EEF	0000	90
		_pwm1          		CODE           	0CE4	0000	25
		_init_pwm      		CODE           	0DCF	0000	64
		_pwm2          		CODE           	0CFD	0000	25
		_pwm3          		CODE           	0D16	0000	25
		_init_pwm_impl 		CODE           	0359	0000	227
		_pwm4          		CODE           	0D2F	0000	25

pwm.c estimated size: 559

C:\Program Files\Microchip\xc8\v3.10\pic\sources\c99\common\awdiv.c
		___awdiv       		CODE           	0F49	0000	91

C:\Program Files\Microchip\xc8\v3.10\pic\sources\c99\common\awdiv.c estimated size: 91

adc.c
		_init_adc      		CODE           	003C	0000	449
		_adc_isr       		CODE           	0E0F	0000	70

adc.c estimated size: 519

mainloop.c
		_init          		CODE           	07D1	0000	46
		_main          		CODE           	0C6E	0000	9
		_isr           		CODE           	0004	0000	18

mainloop.c estimated size: 73

shared
		__initialization		CODE           	0018	0000	32

shared estimated size: 32

pin.c
		_init_pinMode  		CODE           	0D48	0000	27
		_get_pinMode   		CODE           	0518	0000	197
		_pinMode       		CODE           	0D9E	0000	49

pin.c estimated size: 273

C:\Program Files\Microchip\xc8\v3.10\pic\sources\c99\common\nf_fputc.c
		_fputc         		CODE           	0FA4	0000	92

C:\Program Files\Microchip\xc8\v3.10\pic\sources\c99\common\nf_fputc.c estimated size: 92

C:\Program Files\Microchip\xc8\v3.10\pic\sources\c99\common\doprnt.c
		_vfpfcnvrt     		CODE           	01FD	0000	348
		_vfprintf      		CODE           	0D80	0000	30

C:\Program Files\Microchip\xc8\v3.10\pic\sources\c99\common\doprnt.c estimated size: 378

main.c
		_run           		CODE           	0771	0000	96
		_setup         		CODE           	0E55	0000	73

main.c estimated size: 169

